// Jest Snapshot v1, https://goo.gl/fbAQLP

exports[`EpisodeDetail should render snapshot 1`] = `
<DocumentFragment>
  <div
    class="w-full h-full"
  >
    <div
      class="h-3/5 md:h-2/3 flex-grow relative"
    >
      <img
        alt="Better-Like"
        data-nimg="fill"
        decoding="async"
        fetchpriority="high"
        src="/assets/episode-one.svg"
        style="position: absolute; height: 100%; width: 100%; left: 0px; top: 0px; right: 0px; bottom: 0px; object-fit: cover; color: transparent;"
      />
    </div>
    <div
      class="h-2/5 md:h-1/3 bg-white text-black"
    >
      <div
        class="flex justify-between items-center h-1/3 p-4 md:p-8 border-b border-gray-200"
      >
        <p
          class="text-base xl:text-lg pt-1.5"
        >
          Episode 1 â€” 2023-08-10
        </p>
        <div
          class="text-base xl:text-lg flex items-center"
        >
          <svg
            height="26.62"
            viewBox="0 0 27.985 26.615"
            width="27.98"
            xmlns="http://www.w3.org/2000/svg"
          >
            <path
              d="M13.992,0l4.324,8.761,9.669,1.405-7,6.819,1.651,9.63-8.647-4.547L5.345,26.615,7,16.986,0,10.166,9.669,8.761Z"
              fill="#efd358"
              id="Shape"
            />
          </svg>
          <p
            class="ml-3.5 pt-1.5"
          >
            <span
              class="font-bold"
            >
              8.5
            </span>
            /10
          </p>
        </div>
      </div>
      <div
        class="h-2/3 flex flex-col justify-center p-4 md:p-8"
      >
        <h2
          class="text-2xl xl:text-3xl font-bold mb-2"
        >
          Better-Like
        </h2>
        <p
          class="text-base md:text-lg xl:text-xl line-clamp-5 lg:line-clamp-2"
        >
          Test plot description for the episode.
        </p>
      </div>
    </div>
  </div>
</DocumentFragment>
`;
